<FUN>
  <k>
    21
  </k>
  <env>
    $k |-> cc ( x |-> 3 , popEnv )
    x |-> 3
  </env>
  <envs>
    ListItem ( $k |-> cc ( $k |-> cc ( x |-> 3 , popEnv )
    throw |-> val ( closure ( $k |-> cc ( x |-> 3 , popEnv )
    x |-> 3 , x -> $k ( x + 1 ) | .Cases , .Bindings , .Vals ) )
    x |-> 3 , popEnv ~> popEnv ~> popEnv ~> popEnv ~> popEnv )
    throw |-> val ( closure ( $k |-> cc ( x |-> 3 , popEnv )
    x |-> 3 , x -> $k ( x + 1 ) | .Cases , .Bindings , .Vals ) )
    x |-> 10 )
    ListItem ( $k |-> cc ( $k |-> cc ( x |-> 3 , popEnv )
    throw |-> val ( closure ( $k |-> cc ( x |-> 3 , popEnv )
    x |-> 3 , x -> $k ( x + 1 ) | .Cases , .Bindings , .Vals ) )
    x |-> 3 , popEnv ~> popEnv ~> popEnv ~> popEnv ~> popEnv )
    throw |-> val ( closure ( $k |-> cc ( x |-> 3 , popEnv )
    x |-> 3 , x -> $k ( x + 1 ) | .Cases , .Bindings , .Vals ) )
    x |-> 3 )
    ListItem ( $k |-> cc ( $k |-> cc ( x |-> 3 , popEnv )
    throw |-> val ( closure ( $k |-> cc ( x |-> 3 , popEnv )
    x |-> 3 , x -> $k ( x + 1 ) | .Cases , .Bindings , .Vals ) )
    x |-> 3 , popEnv ~> popEnv ~> popEnv ~> popEnv ~> popEnv )
    throw |-> val ( closure ( $k |-> cc ( $k |-> cc ( x |-> 3 , popEnv )
    throw |-> val ( closure ( $k |-> cc ( x |-> 3 , popEnv )
    x |-> 3 , x -> $k ( x + 1 ) | .Cases , .Bindings , .Vals ) )
    x |-> 3 , popEnv ~> popEnv ~> popEnv ~> popEnv ~> popEnv )
    throw |-> val ( closure ( $k |-> cc ( x |-> 3 , popEnv )
    x |-> 3 , x -> $k ( x + 1 ) | .Cases , .Bindings , .Vals ) )
    x |-> 3 , x -> $k ( if x == 10 then throw ( 2 * x ) else 7 + x ) | .Cases , .Bindings , .Vals ) )
    x |-> 3 )
    ListItem ( $k |-> cc ( $k |-> cc ( x |-> 3 , popEnv )
    throw |-> val ( closure ( $k |-> cc ( x |-> 3 , popEnv )
    x |-> 3 , x -> $k ( x + 1 ) | .Cases , .Bindings , .Vals ) )
    x |-> 3 , popEnv ~> popEnv ~> popEnv ~> popEnv ~> popEnv )
    throw |-> val ( closure ( $k |-> cc ( x |-> 3 , popEnv )
    x |-> 3 , x -> $k ( x + 1 ) | .Cases , .Bindings , .Vals ) )
    x |-> 3 )
    ListItem ( $k |-> cc ( $k |-> cc ( x |-> 3 , popEnv )
    throw |-> val ( closure ( $k |-> cc ( x |-> 3 , popEnv )
    x |-> 3 , x -> $k ( x + 1 ) | .Cases , .Bindings , .Vals ) )
    x |-> 3 , popEnv ~> popEnv ~> popEnv ~> popEnv ~> popEnv )
    throw |-> val ( closure ( $k |-> cc ( x |-> 3 , popEnv )
    x |-> 3 , x -> $k ( x + 1 ) | .Cases , .Bindings , .Vals ) )
    x |-> 3 )
    ListItem ( $k |-> cc ( x |-> 3 , popEnv )
    throw |-> val ( closure ( $k |-> cc ( x |-> 3 , popEnv )
    x |-> 3 , x -> $k ( x + 1 ) | .Cases , .Bindings , .Vals ) )
    x |-> 3 )
    ListItem ( $k |-> cc ( x |-> 3 , popEnv )
    throw |-> val ( closure ( $k |-> cc ( x |-> 3 , popEnv )
    x |-> 3 , x -> $k ( x + 1 ) | .Cases , .Bindings , .Vals ) )
    x |-> 3 )
    ListItem ( $k |-> cc ( x |-> 3 , popEnv )
    x |-> 3 )
    ListItem ( $k |-> cc ( x |-> 3 , popEnv )
    x |-> 3 )
    ListItem ( x |-> 3 )
    ListItem ( x |-> 3 )
    ListItem ( .Map )
  </envs>
</FUN>
